******************************************************************************
          TMS320C6x COFF Linker PC v5.1.0                      
******************************************************************************
>> Linked Wed Mar 22 15:49:11 2023

OUTPUT FILE NAME:   <./Debug/lab2.out>
ENTRY POINT SYMBOL: "_c_int00"  address: 80001f60


MEMORY CONFIGURATION

                  name            origin    length      used    attr    fill
         ----------------------  --------  ---------  --------  ----  --------
         VECS                    00000000   00000200  00000000  RWIX
         PMEM                    00000200   0000fe00  00000000  RWIX
         BMEM                    80000000   01000000  00002624  RWIX


SECTION ALLOCATION MAP

 output                                  attributes/
section   page    origin      length       input sections
--------  ----  ----------  ----------   ----------------
.rtdx_text 
*          0    80000000    00000000     UNINITIALIZED

.bss       0    80000000    00000000     UNINITIALIZED

.pinit     0    80000000    00000000     UNINITIALIZED

.cio       0    80000000    00000000     UNINITIALIZED

.const     0    80000000    00000000     UNINITIALIZED

.data      0    80000000    00000000     UNINITIALIZED

.rtdx_data 
*          0    80000000    00000000     UNINITIALIZED

.switch    0    80000000    00000000     UNINITIALIZED

.system    0    80000000    00000000     UNINITIALIZED

.text      0    80000000    000020a0     
                  80000000    000009a0     main.obj (.text)
                  800009a0    00000400     rts6700.lib : cos.obj (.text:_cos)
                  80000da0    00000320                 : frcdivd.obj (.text:__frcdivd)
                  800010c0    00000280                 : sqrt.obj (.text:_sqrt)
                  80001340    00000280                 : divd.obj (.text:__divd)
                  800015c0    00000240                 : memcpy62.obj (.text:_memcpy)
                  80001800    000001c0                 : ldexp.obj (.text:_ldexp)
                  800019c0    00000160                 : frexp.obj (.text:_frexp)
                  80001b20    00000140                 : autoinit.obj (.text:__auto_init)
                  80001c60    00000140                 : exit.obj (.text:_exit)
                  80001da0    000000e0                 : round.obj (.text:__round)
                  80001e80    000000e0                 : modf.obj (.text:_modf)
                  80001f60    00000080                 : boot.obj (.text:_c_int00)
                  80001fe0    00000040                 : trunc.obj (.text:__trunc)
                  80002020    00000040                 : args_main.obj (.text:__args_main)
                  80002060    00000020                 : _lock.obj (.text:__nop)
                  80002080    00000020                 : exit.obj (.text:_abort)

.stack     0    800020a0    00000400     UNINITIALIZED
                  800020a0    00000008     rts6700.lib : boot.obj (.stack)

.far       0    800024a0    000000d8     UNINITIALIZED
                  800024a0    0000008c     rts6700.lib : exit.obj (.far)
                  8000252c    00000004                 : errno.obj (.far)
                  80002530    00000040                 : cos.obj (.far)
                  80002570    00000008                 : _lock.obj (.far)

.cinit     0    80002578    000000ac     
                  80002578    00000048     rts6700.lib : cos.obj (.cinit)
                  800025c0    0000002c                 : exit.obj (.cinit)
                  800025ec    00000004     --HOLE-- [fill = 0]
                  800025f0    0000001c                 : _lock.obj (.cinit)
                  8000260c    00000004     --HOLE-- [fill = 0]
                  80002610    0000000c                 : errno.obj (.cinit)
                  8000261c    00000008     --HOLE-- [fill = 0]

.intvecs   0    00000000    00000000     UNINITIALIZED


GLOBAL SYMBOLS: SORTED ALPHABETICALLY BY Name 

address    name
--------   ----
80000000   $bss
80000000   .bss
80000000   .data
80000000   .text
80002080   C$$EXIT
00000400   __STACK_SIZE
ffffffff   ___binit__
80000000   ___bss__
ffffffff   ___c_args__
80002578   ___cinit__
80000000   ___data__
80000000   ___edata__
80000000   ___end__
800020a0   ___etext__
ffffffff   ___pinit__
80000000   ___text__
80002020   __args_main
80001b20   __auto_init
80002524   __cleanup_ptr
80001340   __divd
80002528   __dtors_ptr
80000da0   __frcdivd
80002570   __lock
80002060   __nop
80001da0   __round
800020a0   __stack
80001fe0   __trunc
80002574   __unlock
80002080   _abort
80001f60   _c_int00
80000908   _compress
800009a0   _cos
800001cc   _dataInput
800001d4   _dataOutput
8000030c   _dctMatrixGenerate
8000252c   _errno
80001c60   _exit
800019c0   _frexp
80001800   _ldexp
80000000   _main
8000074c   _matrixProduct
800015c0   _memcpy
80001e80   _modf
800001dc   _prepareDataToInput
80000274   _prepareDataToOutput
800010c0   _sqrt
8000064c   _transposeMatrix
ffffffff   binit
80002578   cinit
80000000   edata
80000000   end
800020a0   etext
ffffffff   pinit


GLOBAL SYMBOLS: SORTED BY Symbol Address 

address    name
--------   ----
00000400   __STACK_SIZE
80000000   ___data__
80000000   ___bss__
80000000   ___edata__
80000000   _main
80000000   ___text__
80000000   ___end__
80000000   .data
80000000   .text
80000000   $bss
80000000   .bss
80000000   edata
80000000   end
800001cc   _dataInput
800001d4   _dataOutput
800001dc   _prepareDataToInput
80000274   _prepareDataToOutput
8000030c   _dctMatrixGenerate
8000064c   _transposeMatrix
8000074c   _matrixProduct
80000908   _compress
800009a0   _cos
80000da0   __frcdivd
800010c0   _sqrt
80001340   __divd
800015c0   _memcpy
80001800   _ldexp
800019c0   _frexp
80001b20   __auto_init
80001c60   _exit
80001da0   __round
80001e80   _modf
80001f60   _c_int00
80001fe0   __trunc
80002020   __args_main
80002060   __nop
80002080   _abort
80002080   C$$EXIT
800020a0   ___etext__
800020a0   etext
800020a0   __stack
80002524   __cleanup_ptr
80002528   __dtors_ptr
8000252c   _errno
80002570   __lock
80002574   __unlock
80002578   cinit
80002578   ___cinit__
ffffffff   pinit
ffffffff   ___binit__
ffffffff   ___pinit__
ffffffff   ___c_args__
ffffffff   binit

[53 symbols]
